IDENTIFIER this0may0look0like0garbage0but0it0is0really0just0a0long0identifier123456789this0may0look0like0garbage0but0it0is0really0just0a0long0identifier123456789this0may0look0like0garbage0but0it0is0really0just0a0long0identifier123456789this0may0look0like0garbage0but0it0is0really0just0a0long0identifier123456789this0may0look0like0garbage0but0it0is0really0just0a0long0identifier123456789this0may0look0like0garbage0but0it0is0really0just0a0long0identifier123456789this0may0look0like0garbage0but0it0is0really0just0a0long0identifier123456789this0may0look0like0garbage0but0it0is0really0just0a0long0identifier123456789this0may0look0like0garbage0but0it0is0really0just0a0long0identifier123456789this0may0look0like0garbage0but0it0is0really0just0a0long0identifier123456789this0may0look0like0garbage0but0it0is0really0just0a0long0identifier123456789this0may0look0like0garbage0but0it0is0really0just0a0long0identifier123456789this0may0look0like0garbage0but0it0is0really0just0a0long0identifier123456789this0may0look0like0garbage0but0it0is0really0just0a0long0identifier123456789this0may0look0like0garbage0but0it0is0really0just0a0long0identifier123456789this0may0look0like0garbage0but0it0is0really0just0a0long0identifier123456789this0may0look0like0garbage0but0it0is0really0just0a0long0identifier123456789this0may0look0like0garbage0but0it0is0really0just0a0long0identifier123456789this0may0look0like0garbage0but0it0is0really0just0a0long0identifier123456789this0may0look0like0garbage0but0it0is0really0just0a0long0identifier123456789this0may0look0like0garbage0but0it0is0really0just0a0long0identifier123456789donedonedone
ENDOFFILE