PROGRAM
IDENTIFIER testcomments
SEMICOLON
IDENTIFIER foo
COLON
INT
SEMICOLON
IDENTIFIER bar
COLON
INT
SEMICOLON
BEGIN
IDENTIFIER foo
ASSIGNMENT
IDENTIFIER bar
SEMICOLON
END
SEMICOLON
ENDOFFILE