IDENTIFIER thistestcasecontainseverycategoryoflexeme
PROGRAM
PROCEDURE
INT
BOOL
BEGIN
END
IF
THEN
ELSE
WHILE
PRINT
NOT
SEMICOLON
COLON
COMMA
ASSIGNMENT
OPENBRACKET
CLOSEBRACKET
EQUAL
NOTEQUAL
GREATEROREQUAL
LESSTHAN
LESSOREQUAL
GREATERTHAN
ADD
SUBTRACT
OR
AND
MULTIPLY
DIVIDE
IDENTIFIER programnotakeyword
IDENTIFIER integer
IDENTIFIER andor
IDENTIFIER orand
NUMBER 000001
NUMBER 123456789
ENDOFFILE