PROGRAM
IDENTIFIER looper
SEMICOLON
IDENTIFIER a
COLON
INT
SEMICOLON
IDENTIFIER b
COLON
BOOL
SEMICOLON
BEGIN
IDENTIFIER a
ASSIGNMENT
NUMBER 0
SEMICOLON
IDENTIFIER b
ASSIGNMENT
NUMBER 0
EQUAL
NUMBER 0
SEMICOLON
WHILE
IDENTIFIER b
LOOP
BEGIN
IF
IDENTIFIER a
LESSOREQUAL
NUMBER 2
THEN
BEGIN
IDENTIFIER a
ASSIGNMENT
OPENBRACKET
IDENTIFIER a
ADD
NUMBER 1
CLOSEBRACKET
MULTIPLY
NUMBER 3
SEMICOLON
END
ELSE
BEGIN
IDENTIFIER a
ASSIGNMENT
OPENBRACKET
IDENTIFIER a
SUBTRACT
NUMBER 1
CLOSEBRACKET
MULTIPLY
NUMBER 2
SEMICOLON
END
SEMICOLON
IDENTIFIER b
ASSIGNMENT
IDENTIFIER a
GREATERTHAN
NUMBER 1
SEMICOLON
PRINT
IDENTIFIER a
SEMICOLON
END
SEMICOLON
END
SEMICOLON
ENDOFFILE